

================================================================
== Vitis HLS Report for 'jacobi_rotation_2x2_double_16_s'
================================================================
* Date:           Wed May  8 02:27:15 2024

* Version:        2023.2 (Build 4023990 on Oct 11 2023)
* Project:        Principal_Component_Analysis.prj
* Solution:       sol (Vivado IP Flow Target)
* Product family: virtexuplus
* Target device:  xcu250-figd2104-2L-e


================================================================
== Performance Estimates
================================================================
+ Timing: 
    * Summary: 
    +--------+---------+----------+------------+
    |  Clock |  Target | Estimated| Uncertainty|
    +--------+---------+----------+------------+
    |ap_clk  |  3.33 ns|  2.354 ns|     0.90 ns|
    +--------+---------+----------+------------+

+ Latency: 
    * Summary: 
    +---------+---------+----------+----------+-----+-----+---------+
    |  Latency (cycles) |  Latency (absolute) |  Interval | Pipeline|
    |   min   |   max   |    min   |    max   | min | max |   Type  |
    +---------+---------+----------+----------+-----+-----+---------+
    |      132|      132|  0.440 us|  0.440 us|    1|    1|      yes|
    +---------+---------+----------+----------+-----+-----+---------+

    + Detail: 
        * Instance: 
        N/A

        * Loop: 
        N/A



================================================================
== Utilization Estimates
================================================================
* Summary: 
+---------------------+---------+-------+---------+---------+------+
|         Name        | BRAM_18K|  DSP  |    FF   |   LUT   | URAM |
+---------------------+---------+-------+---------+---------+------+
|DSP                  |        -|      -|        -|        -|     -|
|Expression           |        -|      -|        0|      542|     -|
|FIFO                 |        -|      -|        -|        -|     -|
|Instance             |        -|     24|     3332|     2933|     -|
|Memory               |        -|      -|        -|        -|     -|
|Multiplexer          |        -|      -|        -|       64|     -|
|Register             |        -|      -|    18948|      288|     -|
+---------------------+---------+-------+---------+---------+------+
|Total                |        0|     24|    22280|     3827|     0|
+---------------------+---------+-------+---------+---------+------+
|Available SLR        |     1344|   3072|   864000|   432000|   320|
+---------------------+---------+-------+---------+---------+------+
|Utilization SLR (%)  |        0|     ~0|        2|       ~0|     0|
+---------------------+---------+-------+---------+---------+------+
|Available            |     5376|  12288|  3456000|  1728000|  1280|
+---------------------+---------+-------+---------+---------+------+
|Utilization (%)      |        0|     ~0|       ~0|       ~0|     0|
+---------------------+---------+-------+---------+---------+------+

+ Detail: 
    * Instance: 
    +-------------------------------------+--------------------------------+---------+----+-----+-----+-----+
    |               Instance              |             Module             | BRAM_18K| DSP|  FF | LUT | URAM|
    +-------------------------------------+--------------------------------+---------+----+-----+-----+-----+
    |dadd_64ns_64ns_64_6_no_dsp_0_U121    |dadd_64ns_64ns_64_6_no_dsp_0    |        0|   0|  542|  638|    0|
    |dadd_64ns_64ns_64_6_no_dsp_0_U122    |dadd_64ns_64ns_64_6_no_dsp_0    |        0|   0|  542|  638|    0|
    |dcmp_64ns_64ns_1_2_no_dsp_1_U128     |dcmp_64ns_64ns_1_2_no_dsp_1     |        0|   0|    0|    0|    0|
    |dcmp_64ns_64ns_1_2_no_dsp_1_U129     |dcmp_64ns_64ns_1_2_no_dsp_1     |        0|   0|    0|    0|    0|
    |dcmp_64ns_64ns_1_2_no_dsp_1_U130     |dcmp_64ns_64ns_1_2_no_dsp_1     |        0|   0|    0|    0|    0|
    |dcmp_64ns_64ns_1_2_no_dsp_1_U131     |dcmp_64ns_64ns_1_2_no_dsp_1     |        0|   0|    0|    0|    0|
    |dcmp_64ns_64ns_1_2_no_dsp_1_U132     |dcmp_64ns_64ns_1_2_no_dsp_1     |        0|   0|    0|    0|    0|
    |dcmp_64ns_64ns_1_2_no_dsp_1_U133     |dcmp_64ns_64ns_1_2_no_dsp_1     |        0|   0|    0|    0|    0|
    |dcmp_64ns_64ns_1_2_no_dsp_1_U134     |dcmp_64ns_64ns_1_2_no_dsp_1     |        0|   0|    0|    0|    0|
    |ddiv_64ns_64ns_64_31_no_dsp_1_U127   |ddiv_64ns_64ns_64_31_no_dsp_1   |        0|   0|    0|    0|    0|
    |dmul_64ns_64ns_64_8_max_dsp_1_U124   |dmul_64ns_64ns_64_8_max_dsp_1   |        0|   8|  388|  127|    0|
    |dmul_64ns_64ns_64_8_max_dsp_1_U125   |dmul_64ns_64ns_64_8_max_dsp_1   |        0|   8|  388|  127|    0|
    |dmul_64ns_64ns_64_8_max_dsp_1_U126   |dmul_64ns_64ns_64_8_max_dsp_1   |        0|   8|  388|  127|    0|
    |dsqrt_64ns_64ns_64_30_no_dsp_0_U135  |dsqrt_64ns_64ns_64_30_no_dsp_0  |        0|   0|    0|    0|    0|
    |dsqrt_64ns_64ns_64_30_no_dsp_0_U136  |dsqrt_64ns_64ns_64_30_no_dsp_0  |        0|   0|    0|    0|    0|
    |dsqrt_64ns_64ns_64_30_no_dsp_0_U137  |dsqrt_64ns_64ns_64_30_no_dsp_0  |        0|   0|    0|    0|    0|
    |dsub_64ns_64ns_64_6_no_dsp_0_U120    |dsub_64ns_64ns_64_6_no_dsp_0    |        0|   0|  542|  638|    0|
    |dsub_64ns_64ns_64_6_no_dsp_0_U123    |dsub_64ns_64ns_64_6_no_dsp_0    |        0|   0|  542|  638|    0|
    +-------------------------------------+--------------------------------+---------+----+-----+-----+-----+
    |Total                                |                                |        0|  24| 3332| 2933|    0|
    +-------------------------------------+--------------------------------+---------+----+-----+-----+-----+

    * DSP: 
    N/A

    * Memory: 
    N/A

    * FIFO: 
    N/A

    * Expression: 
    +------------------------+----------+----+---+----+------------+------------+
    |      Variable Name     | Operation| DSP| FF| LUT| Bitwidth P0| Bitwidth P1|
    +------------------------+----------+----+---+----+------------+------------+
    |exp1_1_fu_333_p2        |         +|   0|  0|  18|          11|           1|
    |exp1_3_fu_383_p2        |         +|   0|  0|  18|          11|           1|
    |exp1_5_fu_488_p2        |         +|   0|  0|  18|          11|           1|
    |and_ln111_1_fu_459_p2   |       and|   0|  0|   2|           1|           1|
    |and_ln111_2_fu_431_p2   |       and|   0|  0|   2|           1|           1|
    |and_ln111_3_fu_437_p2   |       and|   0|  0|   2|           1|           1|
    |and_ln111_4_fu_448_p2   |       and|   0|  0|   2|           1|           1|
    |and_ln111_5_fu_454_p2   |       and|   0|  0|   2|           1|           1|
    |and_ln111_fu_442_p2     |       and|   0|  0|   2|           1|           1|
    |and_ln50_1_fu_327_p2    |       and|   0|  0|   2|           1|           1|
    |and_ln50_2_fu_274_p2    |       and|   0|  0|   2|           1|           1|
    |and_ln50_3_fu_315_p2    |       and|   0|  0|   2|           1|           1|
    |and_ln50_4_fu_321_p2    |       and|   0|  0|   2|           1|           1|
    |and_ln50_fu_233_p2      |       and|   0|  0|   2|           1|           1|
    |icmp_ln111_1_fu_419_p2  |      icmp|   0|  0|  59|          52|           1|
    |icmp_ln111_2_fu_351_p2  |      icmp|   0|  0|  18|          11|           2|
    |icmp_ln111_fu_413_p2    |      icmp|   0|  0|  18|          11|           2|
    |icmp_ln50_1_fu_221_p2   |      icmp|   0|  0|  59|          52|           1|
    |icmp_ln50_2_fu_256_p2   |      icmp|   0|  0|  18|          11|           2|
    |icmp_ln50_3_fu_262_p2   |      icmp|   0|  0|  59|          52|           1|
    |icmp_ln50_4_fu_297_p2   |      icmp|   0|  0|  18|          11|           2|
    |icmp_ln50_5_fu_303_p2   |      icmp|   0|  0|  59|          52|           1|
    |icmp_ln50_fu_215_p2     |      icmp|   0|  0|  18|          11|           2|
    |or_ln111_1_fu_425_p2    |        or|   0|  0|   2|           1|           1|
    |or_ln111_2_fu_357_p2    |        or|   0|  0|   2|           1|           1|
    |or_ln111_fu_465_p2      |        or|   0|  0|   2|           1|           1|
    |or_ln50_1_fu_268_p2     |        or|   0|  0|   2|           1|           1|
    |or_ln50_2_fu_309_p2     |        or|   0|  0|   2|           1|           1|
    |or_ln50_fu_227_p2       |        or|   0|  0|   2|           1|           1|
    |select_ln111_fu_523_p3  |    select|   0|  0|  63|           1|          64|
    |xor_ln111_fu_513_p2     |       xor|   0|  0|  65|          64|          65|
    +------------------------+----------+----+---+----+------------+------------+
    |Total                   |          |   0|  0| 542|         378|         163|
    +------------------------+----------+----+---+----+------------+------------+

    * Multiplexer: 
    +-----------------------------------------+----+-----------+-----+-----------+
    |                   Name                  | LUT| Input Size| Bits| Total Bits|
    +-----------------------------------------+----+-----------+-----+-----------+
    |ap_phi_mux_m_c_left_0_phi_fu_105_p4      |   9|          2|   64|        128|
    |ap_phi_mux_m_s_left_0_phi_fu_94_p4       |   9|          2|   64|        128|
    |ap_phi_reg_pp0_iter3_m_c_left_0_reg_101  |   9|          2|   64|        128|
    |ap_phi_reg_pp0_iter3_m_s_left_0_reg_90   |   9|          2|   64|        128|
    |ap_return_0                              |  14|          3|   64|        192|
    |ap_return_1                              |  14|          3|   64|        192|
    +-----------------------------------------+----+-----------+-----+-----------+
    |Total                                    |  64|         14|  384|        896|
    +-----------------------------------------+----+-----------+-----+-----------+

    * Register: 
    +-------------------------------------------+-----+----+-----+-----------+
    |                    Name                   |  FF | LUT| Bits| Const Bits|
    +-------------------------------------------+-----+----+-----+-----------+
    |and_ln50_1_reg_561                         |    1|   0|    1|          0|
    |ap_ce_reg                                  |    1|   0|    1|          0|
    |ap_phi_reg_pp0_iter100_m_c_left_0_reg_101  |   64|   0|   64|          0|
    |ap_phi_reg_pp0_iter100_m_s_left_0_reg_90   |   64|   0|   64|          0|
    |ap_phi_reg_pp0_iter101_m_c_left_0_reg_101  |   64|   0|   64|          0|
    |ap_phi_reg_pp0_iter101_m_s_left_0_reg_90   |   64|   0|   64|          0|
    |ap_phi_reg_pp0_iter102_m_c_left_0_reg_101  |   64|   0|   64|          0|
    |ap_phi_reg_pp0_iter102_m_s_left_0_reg_90   |   64|   0|   64|          0|
    |ap_phi_reg_pp0_iter103_m_c_left_0_reg_101  |   64|   0|   64|          0|
    |ap_phi_reg_pp0_iter103_m_s_left_0_reg_90   |   64|   0|   64|          0|
    |ap_phi_reg_pp0_iter104_m_c_left_0_reg_101  |   64|   0|   64|          0|
    |ap_phi_reg_pp0_iter104_m_s_left_0_reg_90   |   64|   0|   64|          0|
    |ap_phi_reg_pp0_iter105_m_c_left_0_reg_101  |   64|   0|   64|          0|
    |ap_phi_reg_pp0_iter105_m_s_left_0_reg_90   |   64|   0|   64|          0|
    |ap_phi_reg_pp0_iter106_m_c_left_0_reg_101  |   64|   0|   64|          0|
    |ap_phi_reg_pp0_iter106_m_s_left_0_reg_90   |   64|   0|   64|          0|
    |ap_phi_reg_pp0_iter107_m_c_left_0_reg_101  |   64|   0|   64|          0|
    |ap_phi_reg_pp0_iter107_m_s_left_0_reg_90   |   64|   0|   64|          0|
    |ap_phi_reg_pp0_iter108_m_c_left_0_reg_101  |   64|   0|   64|          0|
    |ap_phi_reg_pp0_iter108_m_s_left_0_reg_90   |   64|   0|   64|          0|
    |ap_phi_reg_pp0_iter109_m_c_left_0_reg_101  |   64|   0|   64|          0|
    |ap_phi_reg_pp0_iter109_m_s_left_0_reg_90   |   64|   0|   64|          0|
    |ap_phi_reg_pp0_iter10_m_c_left_0_reg_101   |   64|   0|   64|          0|
    |ap_phi_reg_pp0_iter10_m_s_left_0_reg_90    |   64|   0|   64|          0|
    |ap_phi_reg_pp0_iter110_m_c_left_0_reg_101  |   64|   0|   64|          0|
    |ap_phi_reg_pp0_iter110_m_s_left_0_reg_90   |   64|   0|   64|          0|
    |ap_phi_reg_pp0_iter111_m_c_left_0_reg_101  |   64|   0|   64|          0|
    |ap_phi_reg_pp0_iter111_m_s_left_0_reg_90   |   64|   0|   64|          0|
    |ap_phi_reg_pp0_iter112_m_c_left_0_reg_101  |   64|   0|   64|          0|
    |ap_phi_reg_pp0_iter112_m_s_left_0_reg_90   |   64|   0|   64|          0|
    |ap_phi_reg_pp0_iter113_m_c_left_0_reg_101  |   64|   0|   64|          0|
    |ap_phi_reg_pp0_iter113_m_s_left_0_reg_90   |   64|   0|   64|          0|
    |ap_phi_reg_pp0_iter114_m_c_left_0_reg_101  |   64|   0|   64|          0|
    |ap_phi_reg_pp0_iter114_m_s_left_0_reg_90   |   64|   0|   64|          0|
    |ap_phi_reg_pp0_iter115_m_c_left_0_reg_101  |   64|   0|   64|          0|
    |ap_phi_reg_pp0_iter115_m_s_left_0_reg_90   |   64|   0|   64|          0|
    |ap_phi_reg_pp0_iter116_m_c_left_0_reg_101  |   64|   0|   64|          0|
    |ap_phi_reg_pp0_iter116_m_s_left_0_reg_90   |   64|   0|   64|          0|
    |ap_phi_reg_pp0_iter117_m_c_left_0_reg_101  |   64|   0|   64|          0|
    |ap_phi_reg_pp0_iter117_m_s_left_0_reg_90   |   64|   0|   64|          0|
    |ap_phi_reg_pp0_iter118_m_c_left_0_reg_101  |   64|   0|   64|          0|
    |ap_phi_reg_pp0_iter118_m_s_left_0_reg_90   |   64|   0|   64|          0|
    |ap_phi_reg_pp0_iter119_m_c_left_0_reg_101  |   64|   0|   64|          0|
    |ap_phi_reg_pp0_iter119_m_s_left_0_reg_90   |   64|   0|   64|          0|
    |ap_phi_reg_pp0_iter11_m_c_left_0_reg_101   |   64|   0|   64|          0|
    |ap_phi_reg_pp0_iter11_m_s_left_0_reg_90    |   64|   0|   64|          0|
    |ap_phi_reg_pp0_iter120_m_c_left_0_reg_101  |   64|   0|   64|          0|
    |ap_phi_reg_pp0_iter120_m_s_left_0_reg_90   |   64|   0|   64|          0|
    |ap_phi_reg_pp0_iter121_m_c_left_0_reg_101  |   64|   0|   64|          0|
    |ap_phi_reg_pp0_iter121_m_s_left_0_reg_90   |   64|   0|   64|          0|
    |ap_phi_reg_pp0_iter122_m_c_left_0_reg_101  |   64|   0|   64|          0|
    |ap_phi_reg_pp0_iter122_m_s_left_0_reg_90   |   64|   0|   64|          0|
    |ap_phi_reg_pp0_iter123_m_c_left_0_reg_101  |   64|   0|   64|          0|
    |ap_phi_reg_pp0_iter123_m_s_left_0_reg_90   |   64|   0|   64|          0|
    |ap_phi_reg_pp0_iter124_m_c_left_0_reg_101  |   64|   0|   64|          0|
    |ap_phi_reg_pp0_iter124_m_s_left_0_reg_90   |   64|   0|   64|          0|
    |ap_phi_reg_pp0_iter125_m_c_left_0_reg_101  |   64|   0|   64|          0|
    |ap_phi_reg_pp0_iter125_m_s_left_0_reg_90   |   64|   0|   64|          0|
    |ap_phi_reg_pp0_iter126_m_c_left_0_reg_101  |   64|   0|   64|          0|
    |ap_phi_reg_pp0_iter126_m_s_left_0_reg_90   |   64|   0|   64|          0|
    |ap_phi_reg_pp0_iter127_m_c_left_0_reg_101  |   64|   0|   64|          0|
    |ap_phi_reg_pp0_iter127_m_s_left_0_reg_90   |   64|   0|   64|          0|
    |ap_phi_reg_pp0_iter128_m_c_left_0_reg_101  |   64|   0|   64|          0|
    |ap_phi_reg_pp0_iter128_m_s_left_0_reg_90   |   64|   0|   64|          0|
    |ap_phi_reg_pp0_iter129_m_c_left_0_reg_101  |   64|   0|   64|          0|
    |ap_phi_reg_pp0_iter129_m_s_left_0_reg_90   |   64|   0|   64|          0|
    |ap_phi_reg_pp0_iter12_m_c_left_0_reg_101   |   64|   0|   64|          0|
    |ap_phi_reg_pp0_iter12_m_s_left_0_reg_90    |   64|   0|   64|          0|
    |ap_phi_reg_pp0_iter130_m_c_left_0_reg_101  |   64|   0|   64|          0|
    |ap_phi_reg_pp0_iter130_m_s_left_0_reg_90   |   64|   0|   64|          0|
    |ap_phi_reg_pp0_iter131_m_c_left_0_reg_101  |   64|   0|   64|          0|
    |ap_phi_reg_pp0_iter131_m_s_left_0_reg_90   |   64|   0|   64|          0|
    |ap_phi_reg_pp0_iter132_m_c_left_0_reg_101  |   64|   0|   64|          0|
    |ap_phi_reg_pp0_iter132_m_s_left_0_reg_90   |   64|   0|   64|          0|
    |ap_phi_reg_pp0_iter13_m_c_left_0_reg_101   |   64|   0|   64|          0|
    |ap_phi_reg_pp0_iter13_m_s_left_0_reg_90    |   64|   0|   64|          0|
    |ap_phi_reg_pp0_iter14_m_c_left_0_reg_101   |   64|   0|   64|          0|
    |ap_phi_reg_pp0_iter14_m_s_left_0_reg_90    |   64|   0|   64|          0|
    |ap_phi_reg_pp0_iter15_m_c_left_0_reg_101   |   64|   0|   64|          0|
    |ap_phi_reg_pp0_iter15_m_s_left_0_reg_90    |   64|   0|   64|          0|
    |ap_phi_reg_pp0_iter16_m_c_left_0_reg_101   |   64|   0|   64|          0|
    |ap_phi_reg_pp0_iter16_m_s_left_0_reg_90    |   64|   0|   64|          0|
    |ap_phi_reg_pp0_iter17_m_c_left_0_reg_101   |   64|   0|   64|          0|
    |ap_phi_reg_pp0_iter17_m_s_left_0_reg_90    |   64|   0|   64|          0|
    |ap_phi_reg_pp0_iter18_m_c_left_0_reg_101   |   64|   0|   64|          0|
    |ap_phi_reg_pp0_iter18_m_s_left_0_reg_90    |   64|   0|   64|          0|
    |ap_phi_reg_pp0_iter19_m_c_left_0_reg_101   |   64|   0|   64|          0|
    |ap_phi_reg_pp0_iter19_m_s_left_0_reg_90    |   64|   0|   64|          0|
    |ap_phi_reg_pp0_iter1_m_c_left_0_reg_101    |   64|   0|   64|          0|
    |ap_phi_reg_pp0_iter1_m_s_left_0_reg_90     |   64|   0|   64|          0|
    |ap_phi_reg_pp0_iter20_m_c_left_0_reg_101   |   64|   0|   64|          0|
    |ap_phi_reg_pp0_iter20_m_s_left_0_reg_90    |   64|   0|   64|          0|
    |ap_phi_reg_pp0_iter21_m_c_left_0_reg_101   |   64|   0|   64|          0|
    |ap_phi_reg_pp0_iter21_m_s_left_0_reg_90    |   64|   0|   64|          0|
    |ap_phi_reg_pp0_iter22_m_c_left_0_reg_101   |   64|   0|   64|          0|
    |ap_phi_reg_pp0_iter22_m_s_left_0_reg_90    |   64|   0|   64|          0|
    |ap_phi_reg_pp0_iter23_m_c_left_0_reg_101   |   64|   0|   64|          0|
    |ap_phi_reg_pp0_iter23_m_s_left_0_reg_90    |   64|   0|   64|          0|
    |ap_phi_reg_pp0_iter24_m_c_left_0_reg_101   |   64|   0|   64|          0|
    |ap_phi_reg_pp0_iter24_m_s_left_0_reg_90    |   64|   0|   64|          0|
    |ap_phi_reg_pp0_iter25_m_c_left_0_reg_101   |   64|   0|   64|          0|
    |ap_phi_reg_pp0_iter25_m_s_left_0_reg_90    |   64|   0|   64|          0|
    |ap_phi_reg_pp0_iter26_m_c_left_0_reg_101   |   64|   0|   64|          0|
    |ap_phi_reg_pp0_iter26_m_s_left_0_reg_90    |   64|   0|   64|          0|
    |ap_phi_reg_pp0_iter27_m_c_left_0_reg_101   |   64|   0|   64|          0|
    |ap_phi_reg_pp0_iter27_m_s_left_0_reg_90    |   64|   0|   64|          0|
    |ap_phi_reg_pp0_iter28_m_c_left_0_reg_101   |   64|   0|   64|          0|
    |ap_phi_reg_pp0_iter28_m_s_left_0_reg_90    |   64|   0|   64|          0|
    |ap_phi_reg_pp0_iter29_m_c_left_0_reg_101   |   64|   0|   64|          0|
    |ap_phi_reg_pp0_iter29_m_s_left_0_reg_90    |   64|   0|   64|          0|
    |ap_phi_reg_pp0_iter2_m_c_left_0_reg_101    |   64|   0|   64|          0|
    |ap_phi_reg_pp0_iter2_m_s_left_0_reg_90     |   64|   0|   64|          0|
    |ap_phi_reg_pp0_iter30_m_c_left_0_reg_101   |   64|   0|   64|          0|
    |ap_phi_reg_pp0_iter30_m_s_left_0_reg_90    |   64|   0|   64|          0|
    |ap_phi_reg_pp0_iter31_m_c_left_0_reg_101   |   64|   0|   64|          0|
    |ap_phi_reg_pp0_iter31_m_s_left_0_reg_90    |   64|   0|   64|          0|
    |ap_phi_reg_pp0_iter32_m_c_left_0_reg_101   |   64|   0|   64|          0|
    |ap_phi_reg_pp0_iter32_m_s_left_0_reg_90    |   64|   0|   64|          0|
    |ap_phi_reg_pp0_iter33_m_c_left_0_reg_101   |   64|   0|   64|          0|
    |ap_phi_reg_pp0_iter33_m_s_left_0_reg_90    |   64|   0|   64|          0|
    |ap_phi_reg_pp0_iter34_m_c_left_0_reg_101   |   64|   0|   64|          0|
    |ap_phi_reg_pp0_iter34_m_s_left_0_reg_90    |   64|   0|   64|          0|
    |ap_phi_reg_pp0_iter35_m_c_left_0_reg_101   |   64|   0|   64|          0|
    |ap_phi_reg_pp0_iter35_m_s_left_0_reg_90    |   64|   0|   64|          0|
    |ap_phi_reg_pp0_iter36_m_c_left_0_reg_101   |   64|   0|   64|          0|
    |ap_phi_reg_pp0_iter36_m_s_left_0_reg_90    |   64|   0|   64|          0|
    |ap_phi_reg_pp0_iter37_m_c_left_0_reg_101   |   64|   0|   64|          0|
    |ap_phi_reg_pp0_iter37_m_s_left_0_reg_90    |   64|   0|   64|          0|
    |ap_phi_reg_pp0_iter38_m_c_left_0_reg_101   |   64|   0|   64|          0|
    |ap_phi_reg_pp0_iter38_m_s_left_0_reg_90    |   64|   0|   64|          0|
    |ap_phi_reg_pp0_iter39_m_c_left_0_reg_101   |   64|   0|   64|          0|
    |ap_phi_reg_pp0_iter39_m_s_left_0_reg_90    |   64|   0|   64|          0|
    |ap_phi_reg_pp0_iter3_m_c_left_0_reg_101    |   64|   0|   64|          0|
    |ap_phi_reg_pp0_iter3_m_s_left_0_reg_90     |   64|   0|   64|          0|
    |ap_phi_reg_pp0_iter40_m_c_left_0_reg_101   |   64|   0|   64|          0|
    |ap_phi_reg_pp0_iter40_m_s_left_0_reg_90    |   64|   0|   64|          0|
    |ap_phi_reg_pp0_iter41_m_c_left_0_reg_101   |   64|   0|   64|          0|
    |ap_phi_reg_pp0_iter41_m_s_left_0_reg_90    |   64|   0|   64|          0|
    |ap_phi_reg_pp0_iter42_m_c_left_0_reg_101   |   64|   0|   64|          0|
    |ap_phi_reg_pp0_iter42_m_s_left_0_reg_90    |   64|   0|   64|          0|
    |ap_phi_reg_pp0_iter43_m_c_left_0_reg_101   |   64|   0|   64|          0|
    |ap_phi_reg_pp0_iter43_m_s_left_0_reg_90    |   64|   0|   64|          0|
    |ap_phi_reg_pp0_iter44_m_c_left_0_reg_101   |   64|   0|   64|          0|
    |ap_phi_reg_pp0_iter44_m_s_left_0_reg_90    |   64|   0|   64|          0|
    |ap_phi_reg_pp0_iter45_m_c_left_0_reg_101   |   64|   0|   64|          0|
    |ap_phi_reg_pp0_iter45_m_s_left_0_reg_90    |   64|   0|   64|          0|
    |ap_phi_reg_pp0_iter46_m_c_left_0_reg_101   |   64|   0|   64|          0|
    |ap_phi_reg_pp0_iter46_m_s_left_0_reg_90    |   64|   0|   64|          0|
    |ap_phi_reg_pp0_iter47_m_c_left_0_reg_101   |   64|   0|   64|          0|
    |ap_phi_reg_pp0_iter47_m_s_left_0_reg_90    |   64|   0|   64|          0|
    |ap_phi_reg_pp0_iter48_m_c_left_0_reg_101   |   64|   0|   64|          0|
    |ap_phi_reg_pp0_iter48_m_s_left_0_reg_90    |   64|   0|   64|          0|
    |ap_phi_reg_pp0_iter49_m_c_left_0_reg_101   |   64|   0|   64|          0|
    |ap_phi_reg_pp0_iter49_m_s_left_0_reg_90    |   64|   0|   64|          0|
    |ap_phi_reg_pp0_iter4_m_c_left_0_reg_101    |   64|   0|   64|          0|
    |ap_phi_reg_pp0_iter4_m_s_left_0_reg_90     |   64|   0|   64|          0|
    |ap_phi_reg_pp0_iter50_m_c_left_0_reg_101   |   64|   0|   64|          0|
    |ap_phi_reg_pp0_iter50_m_s_left_0_reg_90    |   64|   0|   64|          0|
    |ap_phi_reg_pp0_iter51_m_c_left_0_reg_101   |   64|   0|   64|          0|
    |ap_phi_reg_pp0_iter51_m_s_left_0_reg_90    |   64|   0|   64|          0|
    |ap_phi_reg_pp0_iter52_m_c_left_0_reg_101   |   64|   0|   64|          0|
    |ap_phi_reg_pp0_iter52_m_s_left_0_reg_90    |   64|   0|   64|          0|
    |ap_phi_reg_pp0_iter53_m_c_left_0_reg_101   |   64|   0|   64|          0|
    |ap_phi_reg_pp0_iter53_m_s_left_0_reg_90    |   64|   0|   64|          0|
    |ap_phi_reg_pp0_iter54_m_c_left_0_reg_101   |   64|   0|   64|          0|
    |ap_phi_reg_pp0_iter54_m_s_left_0_reg_90    |   64|   0|   64|          0|
    |ap_phi_reg_pp0_iter55_m_c_left_0_reg_101   |   64|   0|   64|          0|
    |ap_phi_reg_pp0_iter55_m_s_left_0_reg_90    |   64|   0|   64|          0|
    |ap_phi_reg_pp0_iter56_m_c_left_0_reg_101   |   64|   0|   64|          0|
    |ap_phi_reg_pp0_iter56_m_s_left_0_reg_90    |   64|   0|   64|          0|
    |ap_phi_reg_pp0_iter57_m_c_left_0_reg_101   |   64|   0|   64|          0|
    |ap_phi_reg_pp0_iter57_m_s_left_0_reg_90    |   64|   0|   64|          0|
    |ap_phi_reg_pp0_iter58_m_c_left_0_reg_101   |   64|   0|   64|          0|
    |ap_phi_reg_pp0_iter58_m_s_left_0_reg_90    |   64|   0|   64|          0|
    |ap_phi_reg_pp0_iter59_m_c_left_0_reg_101   |   64|   0|   64|          0|
    |ap_phi_reg_pp0_iter59_m_s_left_0_reg_90    |   64|   0|   64|          0|
    |ap_phi_reg_pp0_iter5_m_c_left_0_reg_101    |   64|   0|   64|          0|
    |ap_phi_reg_pp0_iter5_m_s_left_0_reg_90     |   64|   0|   64|          0|
    |ap_phi_reg_pp0_iter60_m_c_left_0_reg_101   |   64|   0|   64|          0|
    |ap_phi_reg_pp0_iter60_m_s_left_0_reg_90    |   64|   0|   64|          0|
    |ap_phi_reg_pp0_iter61_m_c_left_0_reg_101   |   64|   0|   64|          0|
    |ap_phi_reg_pp0_iter61_m_s_left_0_reg_90    |   64|   0|   64|          0|
    |ap_phi_reg_pp0_iter62_m_c_left_0_reg_101   |   64|   0|   64|          0|
    |ap_phi_reg_pp0_iter62_m_s_left_0_reg_90    |   64|   0|   64|          0|
    |ap_phi_reg_pp0_iter63_m_c_left_0_reg_101   |   64|   0|   64|          0|
    |ap_phi_reg_pp0_iter63_m_s_left_0_reg_90    |   64|   0|   64|          0|
    |ap_phi_reg_pp0_iter64_m_c_left_0_reg_101   |   64|   0|   64|          0|
    |ap_phi_reg_pp0_iter64_m_s_left_0_reg_90    |   64|   0|   64|          0|
    |ap_phi_reg_pp0_iter65_m_c_left_0_reg_101   |   64|   0|   64|          0|
    |ap_phi_reg_pp0_iter65_m_s_left_0_reg_90    |   64|   0|   64|          0|
    |ap_phi_reg_pp0_iter66_m_c_left_0_reg_101   |   64|   0|   64|          0|
    |ap_phi_reg_pp0_iter66_m_s_left_0_reg_90    |   64|   0|   64|          0|
    |ap_phi_reg_pp0_iter67_m_c_left_0_reg_101   |   64|   0|   64|          0|
    |ap_phi_reg_pp0_iter67_m_s_left_0_reg_90    |   64|   0|   64|          0|
    |ap_phi_reg_pp0_iter68_m_c_left_0_reg_101   |   64|   0|   64|          0|
    |ap_phi_reg_pp0_iter68_m_s_left_0_reg_90    |   64|   0|   64|          0|
    |ap_phi_reg_pp0_iter69_m_c_left_0_reg_101   |   64|   0|   64|          0|
    |ap_phi_reg_pp0_iter69_m_s_left_0_reg_90    |   64|   0|   64|          0|
    |ap_phi_reg_pp0_iter6_m_c_left_0_reg_101    |   64|   0|   64|          0|
    |ap_phi_reg_pp0_iter6_m_s_left_0_reg_90     |   64|   0|   64|          0|
    |ap_phi_reg_pp0_iter70_m_c_left_0_reg_101   |   64|   0|   64|          0|
    |ap_phi_reg_pp0_iter70_m_s_left_0_reg_90    |   64|   0|   64|          0|
    |ap_phi_reg_pp0_iter71_m_c_left_0_reg_101   |   64|   0|   64|          0|
    |ap_phi_reg_pp0_iter71_m_s_left_0_reg_90    |   64|   0|   64|          0|
    |ap_phi_reg_pp0_iter72_m_c_left_0_reg_101   |   64|   0|   64|          0|
    |ap_phi_reg_pp0_iter72_m_s_left_0_reg_90    |   64|   0|   64|          0|
    |ap_phi_reg_pp0_iter73_m_c_left_0_reg_101   |   64|   0|   64|          0|
    |ap_phi_reg_pp0_iter73_m_s_left_0_reg_90    |   64|   0|   64|          0|
    |ap_phi_reg_pp0_iter74_m_c_left_0_reg_101   |   64|   0|   64|          0|
    |ap_phi_reg_pp0_iter74_m_s_left_0_reg_90    |   64|   0|   64|          0|
    |ap_phi_reg_pp0_iter75_m_c_left_0_reg_101   |   64|   0|   64|          0|
    |ap_phi_reg_pp0_iter75_m_s_left_0_reg_90    |   64|   0|   64|          0|
    |ap_phi_reg_pp0_iter76_m_c_left_0_reg_101   |   64|   0|   64|          0|
    |ap_phi_reg_pp0_iter76_m_s_left_0_reg_90    |   64|   0|   64|          0|
    |ap_phi_reg_pp0_iter77_m_c_left_0_reg_101   |   64|   0|   64|          0|
    |ap_phi_reg_pp0_iter77_m_s_left_0_reg_90    |   64|   0|   64|          0|
    |ap_phi_reg_pp0_iter78_m_c_left_0_reg_101   |   64|   0|   64|          0|
    |ap_phi_reg_pp0_iter78_m_s_left_0_reg_90    |   64|   0|   64|          0|
    |ap_phi_reg_pp0_iter79_m_c_left_0_reg_101   |   64|   0|   64|          0|
    |ap_phi_reg_pp0_iter79_m_s_left_0_reg_90    |   64|   0|   64|          0|
    |ap_phi_reg_pp0_iter7_m_c_left_0_reg_101    |   64|   0|   64|          0|
    |ap_phi_reg_pp0_iter7_m_s_left_0_reg_90     |   64|   0|   64|          0|
    |ap_phi_reg_pp0_iter80_m_c_left_0_reg_101   |   64|   0|   64|          0|
    |ap_phi_reg_pp0_iter80_m_s_left_0_reg_90    |   64|   0|   64|          0|
    |ap_phi_reg_pp0_iter81_m_c_left_0_reg_101   |   64|   0|   64|          0|
    |ap_phi_reg_pp0_iter81_m_s_left_0_reg_90    |   64|   0|   64|          0|
    |ap_phi_reg_pp0_iter82_m_c_left_0_reg_101   |   64|   0|   64|          0|
    |ap_phi_reg_pp0_iter82_m_s_left_0_reg_90    |   64|   0|   64|          0|
    |ap_phi_reg_pp0_iter83_m_c_left_0_reg_101   |   64|   0|   64|          0|
    |ap_phi_reg_pp0_iter83_m_s_left_0_reg_90    |   64|   0|   64|          0|
    |ap_phi_reg_pp0_iter84_m_c_left_0_reg_101   |   64|   0|   64|          0|
    |ap_phi_reg_pp0_iter84_m_s_left_0_reg_90    |   64|   0|   64|          0|
    |ap_phi_reg_pp0_iter85_m_c_left_0_reg_101   |   64|   0|   64|          0|
    |ap_phi_reg_pp0_iter85_m_s_left_0_reg_90    |   64|   0|   64|          0|
    |ap_phi_reg_pp0_iter86_m_c_left_0_reg_101   |   64|   0|   64|          0|
    |ap_phi_reg_pp0_iter86_m_s_left_0_reg_90    |   64|   0|   64|          0|
    |ap_phi_reg_pp0_iter87_m_c_left_0_reg_101   |   64|   0|   64|          0|
    |ap_phi_reg_pp0_iter87_m_s_left_0_reg_90    |   64|   0|   64|          0|
    |ap_phi_reg_pp0_iter88_m_c_left_0_reg_101   |   64|   0|   64|          0|
    |ap_phi_reg_pp0_iter88_m_s_left_0_reg_90    |   64|   0|   64|          0|
    |ap_phi_reg_pp0_iter89_m_c_left_0_reg_101   |   64|   0|   64|          0|
    |ap_phi_reg_pp0_iter89_m_s_left_0_reg_90    |   64|   0|   64|          0|
    |ap_phi_reg_pp0_iter8_m_c_left_0_reg_101    |   64|   0|   64|          0|
    |ap_phi_reg_pp0_iter8_m_s_left_0_reg_90     |   64|   0|   64|          0|
    |ap_phi_reg_pp0_iter90_m_c_left_0_reg_101   |   64|   0|   64|          0|
    |ap_phi_reg_pp0_iter90_m_s_left_0_reg_90    |   64|   0|   64|          0|
    |ap_phi_reg_pp0_iter91_m_c_left_0_reg_101   |   64|   0|   64|          0|
    |ap_phi_reg_pp0_iter91_m_s_left_0_reg_90    |   64|   0|   64|          0|
    |ap_phi_reg_pp0_iter92_m_c_left_0_reg_101   |   64|   0|   64|          0|
    |ap_phi_reg_pp0_iter92_m_s_left_0_reg_90    |   64|   0|   64|          0|
    |ap_phi_reg_pp0_iter93_m_c_left_0_reg_101   |   64|   0|   64|          0|
    |ap_phi_reg_pp0_iter93_m_s_left_0_reg_90    |   64|   0|   64|          0|
    |ap_phi_reg_pp0_iter94_m_c_left_0_reg_101   |   64|   0|   64|          0|
    |ap_phi_reg_pp0_iter94_m_s_left_0_reg_90    |   64|   0|   64|          0|
    |ap_phi_reg_pp0_iter95_m_c_left_0_reg_101   |   64|   0|   64|          0|
    |ap_phi_reg_pp0_iter95_m_s_left_0_reg_90    |   64|   0|   64|          0|
    |ap_phi_reg_pp0_iter96_m_c_left_0_reg_101   |   64|   0|   64|          0|
    |ap_phi_reg_pp0_iter96_m_s_left_0_reg_90    |   64|   0|   64|          0|
    |ap_phi_reg_pp0_iter97_m_c_left_0_reg_101   |   64|   0|   64|          0|
    |ap_phi_reg_pp0_iter97_m_s_left_0_reg_90    |   64|   0|   64|          0|
    |ap_phi_reg_pp0_iter98_m_c_left_0_reg_101   |   64|   0|   64|          0|
    |ap_phi_reg_pp0_iter98_m_s_left_0_reg_90    |   64|   0|   64|          0|
    |ap_phi_reg_pp0_iter99_m_c_left_0_reg_101   |   64|   0|   64|          0|
    |ap_phi_reg_pp0_iter99_m_s_left_0_reg_90    |   64|   0|   64|          0|
    |ap_phi_reg_pp0_iter9_m_c_left_0_reg_101    |   64|   0|   64|          0|
    |ap_phi_reg_pp0_iter9_m_s_left_0_reg_90     |   64|   0|   64|          0|
    |ap_return_0_int_reg                        |   64|   0|   64|          0|
    |ap_return_1_int_reg                        |   64|   0|   64|          0|
    |d2_reg_603                                 |   64|   0|   64|          0|
    |d_reg_576                                  |   64|   0|   64|          0|
    |data_1_reg_565                             |   64|   0|   64|          0|
    |data_3_reg_593                             |   64|   0|   64|          0|
    |data_5_reg_630                             |   64|   0|   64|          0|
    |deno2_reg_608                              |   64|   0|   64|          0|
    |m_reg_614                                  |   64|   0|   64|          0|
    |matrix_0_0_val_int_reg                     |   64|   0|   64|          0|
    |matrix_0_0_val_read_reg_554                |   64|   0|   64|          0|
    |matrix_0_1_val_int_reg                     |   64|   0|   64|          0|
    |matrix_0_1_val_read_reg_548                |   64|   0|   64|          0|
    |matrix_0_2_val_int_reg                     |   64|   0|   64|          0|
    |matrix_0_2_val_read_reg_541                |   64|   0|   64|          0|
    |or_ln111_2_reg_570                         |    1|   0|    1|          0|
    |or_ln111_reg_598                           |    1|   0|    1|          0|
    |select_ln111_reg_667                       |   64|   0|   64|          0|
    |sqrtM_reg_620                              |   64|   0|   64|          0|
    |tmpDivider_reg_650                         |   64|   0|   64|          0|
    |tmpMul_reg_635                             |   64|   0|   64|          0|
    |tmpSub_reg_656                             |   64|   0|   64|          0|
    |tmpSum_reg_645                             |   64|   0|   64|          0|
    |tmp_1_reg_661                              |   64|   0|   64|          0|
    |tmp_s_reg_672                              |   64|   0|   64|          0|
    |and_ln50_1_reg_561                         |   64|  32|    1|          0|
    |d_reg_576                                  |   64|  32|   64|          0|
    |data_1_reg_565                             |   64|  32|   64|          0|
    |data_3_reg_593                             |   64|  32|   64|          0|
    |deno2_reg_608                              |   64|  32|   64|          0|
    |m_reg_614                                  |   64|  32|   64|          0|
    |or_ln111_2_reg_570                         |   64|  32|    1|          0|
    |or_ln111_reg_598                           |   64|  32|    1|          0|
    |select_ln111_reg_667                       |   64|  32|   64|          0|
    +-------------------------------------------+-----+----+-----+-----------+
    |Total                                      |18948| 288|18759|          0|
    +-------------------------------------------+-----+----+-----+-----------+



================================================================
== Interface
================================================================
* Summary: 
+----------------+-----+-----+------------+---------------------------------+--------------+
|    RTL Ports   | Dir | Bits|  Protocol  |          Source Object          |    C Type    |
+----------------+-----+-----+------------+---------------------------------+--------------+
|ap_clk          |   in|    1|  ap_ctrl_hs|  jacobi_rotation_2x2<double, 16>|  return value|
|ap_rst          |   in|    1|  ap_ctrl_hs|  jacobi_rotation_2x2<double, 16>|  return value|
|ap_return_0     |  out|   64|  ap_ctrl_hs|  jacobi_rotation_2x2<double, 16>|  return value|
|ap_return_1     |  out|   64|  ap_ctrl_hs|  jacobi_rotation_2x2<double, 16>|  return value|
|ap_ce           |   in|    1|  ap_ctrl_hs|  jacobi_rotation_2x2<double, 16>|  return value|
|matrix_0_0_val  |   in|   64|     ap_none|                   matrix_0_0_val|        scalar|
|matrix_0_1_val  |   in|   64|     ap_none|                   matrix_0_1_val|        scalar|
|matrix_0_2_val  |   in|   64|     ap_none|                   matrix_0_2_val|        scalar|
+----------------+-----+-----+------------+---------------------------------+--------------+

