

================================================================
== Vitis HLS Report for 'dut_Pipeline_VITIS_LOOP_350_2_VITIS_LOOP_351_3'
================================================================
* Date:           Sun May  5 21:31:03 2024

* Version:        2023.2 (Build 4023990 on Oct 11 2023)
* Project:        Principal_Component_Analysis.prj
* Solution:       sol (Vivado IP Flow Target)
* Product family: virtexuplus
* Target device:  xcu250-figd2104-2L-e


================================================================
== Performance Estimates
================================================================
+ Timing: 
    * Summary: 
    +--------+---------+----------+------------+
    |  Clock |  Target | Estimated| Uncertainty|
    +--------+---------+----------+------------+
    |ap_clk  |  3.33 ns|  2.323 ns|     0.90 ns|
    +--------+---------+----------+------------+

+ Latency: 
    * Summary: 
    +---------+---------+----------+----------+-----+-----+---------+
    |  Latency (cycles) |  Latency (absolute) |  Interval | Pipeline|
    |   min   |   max   |    min   |    max   | min | max |   Type  |
    +---------+---------+----------+----------+-----+-----+---------+
    |        ?|        ?|         ?|         ?|    ?|    ?|       no|
    +---------+---------+----------+----------+-----+-----+---------+

    + Detail: 
        * Instance: 
        N/A

        * Loop: 
        +-------------------------------------+---------+---------+----------+-----------+-----------+------+----------+
        |                                     |  Latency (cycles) | Iteration|  Initiation Interval  | Trip |          |
        |              Loop Name              |   min   |   max   |  Latency |  achieved |   target  | Count| Pipelined|
        +-------------------------------------+---------+---------+----------+-----------+-----------+------+----------+
        |- VITIS_LOOP_350_2_VITIS_LOOP_351_3  |        ?|        ?|        46|          1|          1|     ?|       yes|
        +-------------------------------------+---------+---------+----------+-----------+-----------+------+----------+



================================================================
== Utilization Estimates
================================================================
* Summary: 
+---------------------+---------+-------+---------+---------+------+
|         Name        | BRAM_18K|  DSP  |    FF   |   LUT   | URAM |
+---------------------+---------+-------+---------+---------+------+
|DSP                  |        -|      -|        -|        -|     -|
|Expression           |        -|      -|        0|      297|     -|
|FIFO                 |        -|      -|        -|        -|     -|
|Instance             |        -|      -|     2283|     1766|     -|
|Memory               |        -|      -|        -|        -|     -|
|Multiplexer          |        -|      -|        -|       54|     -|
|Register             |        -|      -|      820|      192|     -|
+---------------------+---------+-------+---------+---------+------+
|Total                |        0|      0|     3103|     2309|     0|
+---------------------+---------+-------+---------+---------+------+
|Available SLR        |     1344|   3072|   864000|   432000|   320|
+---------------------+---------+-------+---------+---------+------+
|Utilization SLR (%)  |        0|      0|       ~0|       ~0|     0|
+---------------------+---------+-------+---------+---------+------+
|Available            |     5376|  12288|  3456000|  1728000|  1280|
+---------------------+---------+-------+---------+---------+------+
|Utilization (%)      |        0|      0|       ~0|       ~0|     0|
+---------------------+---------+-------+---------+---------+------+

+ Detail: 
    * Instance: 
    +---------------------------+----------------------+---------+----+------+------+-----+
    |          Instance         |        Module        | BRAM_18K| DSP|  FF  |  LUT | URAM|
    +---------------------------+----------------------+---------+----+------+------+-----+
    |sparsemux_7_2_64_1_1_U324  |sparsemux_7_2_64_1_1  |        0|   0|     0|    14|    0|
    |sparsemux_7_2_64_1_1_U325  |sparsemux_7_2_64_1_1  |        0|   0|     0|    14|    0|
    |urem_32ns_3ns_2_36_1_U323  |urem_32ns_3ns_2_36_1  |        0|   0|  2283|  1738|    0|
    +---------------------------+----------------------+---------+----+------+------+-----+
    |Total                      |                      |        0|   0|  2283|  1766|    0|
    +---------------------------+----------------------+---------+----+------+------+-----+

    * DSP: 
    N/A

    * Memory: 
    N/A

    * FIFO: 
    N/A

    * Expression: 
    +--------------------------+----------+----+---+----+------------+------------+
    |       Variable Name      | Operation| DSP| FF| LUT| Bitwidth P0| Bitwidth P1|
    +--------------------------+----------+----+---+----+------------+------------+
    |add_ln350_1_fu_223_p2     |         +|   0|  0|  41|          34|           1|
    |add_ln350_fu_235_p2       |         +|   0|  0|  39|          32|           1|
    |add_ln351_fu_263_p2       |         +|   0|  0|   9|           2|           1|
    |add_ln353_1_fu_351_p2     |         +|   0|  0|  12|           5|           4|
    |add_ln353_fu_303_p2       |         +|   0|  0|  32|          32|          32|
    |mul_i12_fu_295_p2         |         -|   0|  0|  32|          32|          32|
    |sub_ln353_fu_383_p2       |         -|   0|  0|  10|           3|           2|
    |icmp_ln350_fu_218_p2      |      icmp|   0|  0|  41|          34|          34|
    |icmp_ln351_fu_241_p2      |      icmp|   0|  0|   9|           2|           2|
    |select_ln350_1_fu_255_p3  |    select|   0|  0|  32|           1|          32|
    |select_ln350_fu_247_p3    |    select|   0|  0|   2|           1|           1|
    |select_ln353_1_fu_317_p3  |    select|   0|  0|   2|           1|           2|
    |tmp_s_fu_396_p8           |    select|   0|  0|   2|           1|           2|
    |ap_enable_pp0             |       xor|   0|  0|   2|           1|           2|
    |grp_fu_331_p0             |       xor|   0|  0|  32|          32|          32|
    +--------------------------+----------+----+---+----+------------+------------+
    |Total                     |          |   0|  0| 297|         213|         180|
    +--------------------------+----------+----+---+----+------------+------------+

    * Multiplexer: 
    +-------------------------+----+-----------+-----+-----------+
    |           Name          | LUT| Input Size| Bits| Total Bits|
    +-------------------------+----+-----------+-----+-----------+
    |ap_done_int              |   9|          2|    1|          2|
    |ap_enable_reg_pp0_iter1  |   9|          2|    1|          2|
    |ap_enable_reg_pp0_iter2  |   9|          2|    1|          2|
    |i_fu_84                  |   9|          2|   32|         64|
    |indvar_flatten6_fu_88    |   9|          2|   34|         68|
    |j_fu_80                  |   9|          2|    2|          4|
    +-------------------------+----+-----------+-----+-----------+
    |Total                    |  54|         12|   71|        142|
    +-------------------------+----+-----------+-----+-----------+

    * Register: 
    +-----------------------------------+----+----+-----+-----------+
    |                Name               | FF | LUT| Bits| Const Bits|
    +-----------------------------------+----+----+-----+-----------+
    |add_ln353_reg_493                  |  32|   0|   32|          0|
    |ap_CS_fsm                          |   1|   0|    1|          0|
    |ap_done_reg                        |   1|   0|    1|          0|
    |ap_enable_reg_pp0_iter1            |   1|   0|    1|          0|
    |ap_enable_reg_pp0_iter10           |   1|   0|    1|          0|
    |ap_enable_reg_pp0_iter11           |   1|   0|    1|          0|
    |ap_enable_reg_pp0_iter12           |   1|   0|    1|          0|
    |ap_enable_reg_pp0_iter13           |   1|   0|    1|          0|
    |ap_enable_reg_pp0_iter14           |   1|   0|    1|          0|
    |ap_enable_reg_pp0_iter15           |   1|   0|    1|          0|
    |ap_enable_reg_pp0_iter16           |   1|   0|    1|          0|
    |ap_enable_reg_pp0_iter17           |   1|   0|    1|          0|
    |ap_enable_reg_pp0_iter18           |   1|   0|    1|          0|
    |ap_enable_reg_pp0_iter19           |   1|   0|    1|          0|
    |ap_enable_reg_pp0_iter2            |   1|   0|    1|          0|
    |ap_enable_reg_pp0_iter20           |   1|   0|    1|          0|
    |ap_enable_reg_pp0_iter21           |   1|   0|    1|          0|
    |ap_enable_reg_pp0_iter22           |   1|   0|    1|          0|
    |ap_enable_reg_pp0_iter23           |   1|   0|    1|          0|
    |ap_enable_reg_pp0_iter24           |   1|   0|    1|          0|
    |ap_enable_reg_pp0_iter25           |   1|   0|    1|          0|
    |ap_enable_reg_pp0_iter26           |   1|   0|    1|          0|
    |ap_enable_reg_pp0_iter27           |   1|   0|    1|          0|
    |ap_enable_reg_pp0_iter28           |   1|   0|    1|          0|
    |ap_enable_reg_pp0_iter29           |   1|   0|    1|          0|
    |ap_enable_reg_pp0_iter3            |   1|   0|    1|          0|
    |ap_enable_reg_pp0_iter30           |   1|   0|    1|          0|
    |ap_enable_reg_pp0_iter31           |   1|   0|    1|          0|
    |ap_enable_reg_pp0_iter32           |   1|   0|    1|          0|
    |ap_enable_reg_pp0_iter33           |   1|   0|    1|          0|
    |ap_enable_reg_pp0_iter34           |   1|   0|    1|          0|
    |ap_enable_reg_pp0_iter35           |   1|   0|    1|          0|
    |ap_enable_reg_pp0_iter36           |   1|   0|    1|          0|
    |ap_enable_reg_pp0_iter37           |   1|   0|    1|          0|
    |ap_enable_reg_pp0_iter38           |   1|   0|    1|          0|
    |ap_enable_reg_pp0_iter39           |   1|   0|    1|          0|
    |ap_enable_reg_pp0_iter4            |   1|   0|    1|          0|
    |ap_enable_reg_pp0_iter40           |   1|   0|    1|          0|
    |ap_enable_reg_pp0_iter41           |   1|   0|    1|          0|
    |ap_enable_reg_pp0_iter42           |   1|   0|    1|          0|
    |ap_enable_reg_pp0_iter43           |   1|   0|    1|          0|
    |ap_enable_reg_pp0_iter44           |   1|   0|    1|          0|
    |ap_enable_reg_pp0_iter45           |   1|   0|    1|          0|
    |ap_enable_reg_pp0_iter46           |   1|   0|    1|          0|
    |ap_enable_reg_pp0_iter5            |   1|   0|    1|          0|
    |ap_enable_reg_pp0_iter6            |   1|   0|    1|          0|
    |ap_enable_reg_pp0_iter7            |   1|   0|    1|          0|
    |ap_enable_reg_pp0_iter8            |   1|   0|    1|          0|
    |ap_enable_reg_pp0_iter9            |   1|   0|    1|          0|
    |ap_loop_exit_ready_pp0_iter10_reg  |   1|   0|    1|          0|
    |ap_loop_exit_ready_pp0_iter11_reg  |   1|   0|    1|          0|
    |ap_loop_exit_ready_pp0_iter12_reg  |   1|   0|    1|          0|
    |ap_loop_exit_ready_pp0_iter13_reg  |   1|   0|    1|          0|
    |ap_loop_exit_ready_pp0_iter14_reg  |   1|   0|    1|          0|
    |ap_loop_exit_ready_pp0_iter15_reg  |   1|   0|    1|          0|
    |ap_loop_exit_ready_pp0_iter16_reg  |   1|   0|    1|          0|
    |ap_loop_exit_ready_pp0_iter17_reg  |   1|   0|    1|          0|
    |ap_loop_exit_ready_pp0_iter18_reg  |   1|   0|    1|          0|
    |ap_loop_exit_ready_pp0_iter19_reg  |   1|   0|    1|          0|
    |ap_loop_exit_ready_pp0_iter20_reg  |   1|   0|    1|          0|
    |ap_loop_exit_ready_pp0_iter21_reg  |   1|   0|    1|          0|
    |ap_loop_exit_ready_pp0_iter22_reg  |   1|   0|    1|          0|
    |ap_loop_exit_ready_pp0_iter23_reg  |   1|   0|    1|          0|
    |ap_loop_exit_ready_pp0_iter24_reg  |   1|   0|    1|          0|
    |ap_loop_exit_ready_pp0_iter25_reg  |   1|   0|    1|          0|
    |ap_loop_exit_ready_pp0_iter26_reg  |   1|   0|    1|          0|
    |ap_loop_exit_ready_pp0_iter27_reg  |   1|   0|    1|          0|
    |ap_loop_exit_ready_pp0_iter28_reg  |   1|   0|    1|          0|
    |ap_loop_exit_ready_pp0_iter29_reg  |   1|   0|    1|          0|
    |ap_loop_exit_ready_pp0_iter2_reg   |   1|   0|    1|          0|
    |ap_loop_exit_ready_pp0_iter30_reg  |   1|   0|    1|          0|
    |ap_loop_exit_ready_pp0_iter31_reg  |   1|   0|    1|          0|
    |ap_loop_exit_ready_pp0_iter32_reg  |   1|   0|    1|          0|
    |ap_loop_exit_ready_pp0_iter33_reg  |   1|   0|    1|          0|
    |ap_loop_exit_ready_pp0_iter34_reg  |   1|   0|    1|          0|
    |ap_loop_exit_ready_pp0_iter35_reg  |   1|   0|    1|          0|
    |ap_loop_exit_ready_pp0_iter36_reg  |   1|   0|    1|          0|
    |ap_loop_exit_ready_pp0_iter37_reg  |   1|   0|    1|          0|
    |ap_loop_exit_ready_pp0_iter38_reg  |   1|   0|    1|          0|
    |ap_loop_exit_ready_pp0_iter39_reg  |   1|   0|    1|          0|
    |ap_loop_exit_ready_pp0_iter3_reg   |   1|   0|    1|          0|
    |ap_loop_exit_ready_pp0_iter40_reg  |   1|   0|    1|          0|
    |ap_loop_exit_ready_pp0_iter41_reg  |   1|   0|    1|          0|
    |ap_loop_exit_ready_pp0_iter42_reg  |   1|   0|    1|          0|
    |ap_loop_exit_ready_pp0_iter43_reg  |   1|   0|    1|          0|
    |ap_loop_exit_ready_pp0_iter44_reg  |   1|   0|    1|          0|
    |ap_loop_exit_ready_pp0_iter45_reg  |   1|   0|    1|          0|
    |ap_loop_exit_ready_pp0_iter4_reg   |   1|   0|    1|          0|
    |ap_loop_exit_ready_pp0_iter5_reg   |   1|   0|    1|          0|
    |ap_loop_exit_ready_pp0_iter6_reg   |   1|   0|    1|          0|
    |ap_loop_exit_ready_pp0_iter7_reg   |   1|   0|    1|          0|
    |ap_loop_exit_ready_pp0_iter8_reg   |   1|   0|    1|          0|
    |ap_loop_exit_ready_pp0_iter9_reg   |   1|   0|    1|          0|
    |bitcast_ln353_reg_543              |  64|   0|   64|          0|
    |i_fu_84                            |  32|   0|   32|          0|
    |indvar_flatten6_fu_88              |  34|   0|   34|          0|
    |j_fu_80                            |   2|   0|    2|          0|
    |outputLoadings_0_addr_reg_483      |   4|   0|    4|          0|
    |outputLoadings_1_addr_reg_488      |   4|   0|    4|          0|
    |outputLoadings_2_addr_reg_478      |   4|   0|    4|          0|
    |select_ln350_1_reg_471             |  32|   0|   32|          0|
    |select_ln350_reg_465               |   2|   0|    2|          0|
    |tmp_7_reg_498                      |   1|   0|    1|          0|
    |tmp_reg_533                        |  64|   0|   64|          0|
    |tmp_s_reg_538                      |  64|   0|   64|          0|
    |udiv_ln_cast_reg_513               |   5|   0|    5|          0|
    |outputLoadings_0_addr_reg_483      |  64|  32|    4|          0|
    |outputLoadings_1_addr_reg_488      |  64|  32|    4|          0|
    |outputLoadings_2_addr_reg_478      |  64|  32|    4|          0|
    |select_ln350_reg_465               |  64|  32|    2|          0|
    |tmp_7_reg_498                      |  64|  32|    1|          0|
    |udiv_ln_cast_reg_513               |  64|  32|    5|          0|
    +-----------------------------------+----+----+-----+-----------+
    |Total                              | 820| 192|  456|          0|
    +-----------------------------------+----+----+-----+-----------+



================================================================
== Interface
================================================================
* Summary: 
+---------------------------+-----+-----+------------+------------------------------------------------+--------------+
|         RTL Ports         | Dir | Bits|  Protocol  |                  Source Object                 |    C Type    |
+---------------------------+-----+-----+------------+------------------------------------------------+--------------+
|ap_clk                     |   in|    1|  ap_ctrl_hs|  dut_Pipeline_VITIS_LOOP_350_2_VITIS_LOOP_351_3|  return value|
|ap_rst                     |   in|    1|  ap_ctrl_hs|  dut_Pipeline_VITIS_LOOP_350_2_VITIS_LOOP_351_3|  return value|
|ap_start                   |   in|    1|  ap_ctrl_hs|  dut_Pipeline_VITIS_LOOP_350_2_VITIS_LOOP_351_3|  return value|
|ap_done                    |  out|    1|  ap_ctrl_hs|  dut_Pipeline_VITIS_LOOP_350_2_VITIS_LOOP_351_3|  return value|
|ap_idle                    |  out|    1|  ap_ctrl_hs|  dut_Pipeline_VITIS_LOOP_350_2_VITIS_LOOP_351_3|  return value|
|ap_ready                   |  out|    1|  ap_ctrl_hs|  dut_Pipeline_VITIS_LOOP_350_2_VITIS_LOOP_351_3|  return value|
|grp_fu_439_p_din0          |  out|   64|  ap_ctrl_hs|  dut_Pipeline_VITIS_LOOP_350_2_VITIS_LOOP_351_3|  return value|
|grp_fu_439_p_din1          |  out|   64|  ap_ctrl_hs|  dut_Pipeline_VITIS_LOOP_350_2_VITIS_LOOP_351_3|  return value|
|grp_fu_439_p_dout0         |   in|   64|  ap_ctrl_hs|  dut_Pipeline_VITIS_LOOP_350_2_VITIS_LOOP_351_3|  return value|
|grp_fu_439_p_ce            |  out|    1|  ap_ctrl_hs|  dut_Pipeline_VITIS_LOOP_350_2_VITIS_LOOP_351_3|  return value|
|grp_fu_447_p_din0          |  out|   32|  ap_ctrl_hs|  dut_Pipeline_VITIS_LOOP_350_2_VITIS_LOOP_351_3|  return value|
|grp_fu_447_p_din1          |  out|   34|  ap_ctrl_hs|  dut_Pipeline_VITIS_LOOP_350_2_VITIS_LOOP_351_3|  return value|
|grp_fu_447_p_dout0         |   in|   65|  ap_ctrl_hs|  dut_Pipeline_VITIS_LOOP_350_2_VITIS_LOOP_351_3|  return value|
|grp_fu_447_p_ce            |  out|    1|  ap_ctrl_hs|  dut_Pipeline_VITIS_LOOP_350_2_VITIS_LOOP_351_3|  return value|
|sub_ln350                  |   in|   34|     ap_none|                                       sub_ln350|        scalar|
|outputLoadings_2_address0  |  out|    4|   ap_memory|                                outputLoadings_2|         array|
|outputLoadings_2_ce0       |  out|    1|   ap_memory|                                outputLoadings_2|         array|
|outputLoadings_2_we0       |  out|    1|   ap_memory|                                outputLoadings_2|         array|
|outputLoadings_2_d0        |  out|   64|   ap_memory|                                outputLoadings_2|         array|
|outputLoadings_0_address0  |  out|    4|   ap_memory|                                outputLoadings_0|         array|
|outputLoadings_0_ce0       |  out|    1|   ap_memory|                                outputLoadings_0|         array|
|outputLoadings_0_we0       |  out|    1|   ap_memory|                                outputLoadings_0|         array|
|outputLoadings_0_d0        |  out|   64|   ap_memory|                                outputLoadings_0|         array|
|outputLoadings_1_address0  |  out|    4|   ap_memory|                                outputLoadings_1|         array|
|outputLoadings_1_ce0       |  out|    1|   ap_memory|                                outputLoadings_1|         array|
|outputLoadings_1_we0       |  out|    1|   ap_memory|                                outputLoadings_1|         array|
|outputLoadings_1_d0        |  out|   64|   ap_memory|                                outputLoadings_1|         array|
|sqrtVals                   |   in|   64|     ap_none|                                        sqrtVals|        scalar|
|sqrtVals_1                 |   in|   64|     ap_none|                                      sqrtVals_1|        scalar|
|sqrtVals_2                 |   in|   64|     ap_none|                                      sqrtVals_2|        scalar|
|pca_m_pcVecs_address0      |  out|    5|   ap_memory|                                    pca_m_pcVecs|         array|
|pca_m_pcVecs_ce0           |  out|    1|   ap_memory|                                    pca_m_pcVecs|         array|
|pca_m_pcVecs_q0            |   in|   64|   ap_memory|                                    pca_m_pcVecs|         array|
|pca_m_pcVecs_3_address0    |  out|    5|   ap_memory|                                  pca_m_pcVecs_3|         array|
|pca_m_pcVecs_3_ce0         |  out|    1|   ap_memory|                                  pca_m_pcVecs_3|         array|
|pca_m_pcVecs_3_q0          |   in|   64|   ap_memory|                                  pca_m_pcVecs_3|         array|
|pca_m_pcVecs_4_address0    |  out|    5|   ap_memory|                                  pca_m_pcVecs_4|         array|
|pca_m_pcVecs_4_ce0         |  out|    1|   ap_memory|                                  pca_m_pcVecs_4|         array|
|pca_m_pcVecs_4_q0          |   in|   64|   ap_memory|                                  pca_m_pcVecs_4|         array|
+---------------------------+-----+-----+------------+------------------------------------------------+--------------+

